This is a doctest based regression suite for 0-add_integer.py

>>> add_integer = __import__('0-add_integer').add_integer


>>> add_integer(3, 4)
7

>>> add_integer(7, -1)
6

>>> add_integer(-1, 7)
6

>>> add_integer(10.1, 5)
15

>>> add_integer(1, 12.3)
13

>>> add_integer(0, 0)
0

>>> add_integer(15, 0)
15

>>> add_integer(0, 15)
15

>>> add_integer(2)
100

>>> add_integer()
Traceback (most recent call last):
...
TypeError: add_integer() missing 1 required positional argument: 'a'

>>> add_integer(4, "School")
Traceback (most recent call last):
...
TypeError: b must be an integer

>>> add_integer("School")
Traceback (most recent call last):
...
TypeError: a must be an integer

>>> add_integer("School", "Scholl")
Traceback (most recent call last):
...
TypeError: a must be an integer

>>> add_integer(None)
Traceback (most recent call last):
...
TypeError: a must be an integer

>>> add_integer(float('inf'), 0)
Traceback (most recent call last):
...
OverflowError: cannot convert float infinity to integer

>>> add_integer(0, float('nan'))
Traceback (most recent call last):
...
ValueError: cannot convert float NaN to integer
