This is a doctest based regression suite for 3-say_my_name.txt

>>> say_my_name = __import__('3-say_my_name').say_my_name


>>> say_my_name("Pablo", "Perez")
My name is Pablo Perez

>>> say_my_name("Pablo")
My name is Pablo 

>>> say_my_name("")
My name is  

>>> say_my_name()
Traceback (most recent call last):
...
TypeError: say_my_name() missing 1 required positional argument: 'first_name'

>>> say_my_name(22, "Perez")
Traceback (most recent call last):
...
TypeError: first_name must be a string

>>> say_my_name("Nick", 30)
Traceback (most recent call last):
...
TypeError: last_name must be a string

>>> say_my_name(123)
Traceback (most recent call last):
...
TypeError: first_name must be a string

>>> say_my_name("Pp", "Bb", "Dd")
Traceback (most recent call last):
TypeError: say_my_name() takes from 1 to 2 positional arguments but 3 were given

